// Vitest Snapshot v1, https://vitest.dev/guide/snapshot.html

exports[`returns error 1`] = `[Error: Message]`;

exports[`returns error 2`] = `"Message"`;

exports[`returns error 3`] = `""`;

exports[`returns error 4`] = `0`;

exports[`returns error 5`] = `null`;

exports[`returns error 6`] = `undefined`;

exports[`returns response 1`] = `
{
  "message": "Message",
  "status": 400,
}
`;
